16,462 observations, 92 blocks
replicate 0: hybrid 0.250, boosting 0.259, linear 0.170, no decoder 0.258, st hybrid 0.143, st boosting 0.117, st linear 0.140  (687s)
replicate 1: hybrid 0.234, boosting 0.233, linear 0.163, no decoder 0.239, st hybrid 0.157, st boosting 0.137, st linear 0.141  (681s)
replicate 2: hybrid 0.249, boosting 0.258, linear 0.169, no decoder 0.261, st hybrid 0.167, st boosting 0.109, st linear 0.138  (689s)
replicate 3: hybrid 0.252, boosting 0.262, linear 0.170  (258s)
replicate 4: hybrid 0.256, boosting 0.260, linear 0.171  (262s)

                            quantity  estimate  ci95_low  ci95_high  ci90_low  ci90_high  replicates equivalent_at_0.02  share_above_zero
                              hybrid     0.248     0.224      0.271     0.228      0.267           5                NaN               NaN
                            boosting     0.254     0.224      0.279     0.229      0.277           5                NaN               NaN
                              linear     0.169     0.145      0.191     0.150      0.187           5                NaN               NaN
               hybrid minus boosting    -0.006    -0.022      0.009    -0.019      0.007           5               True             0.239
                 hybrid minus linear     0.080     0.059      0.099     0.062      0.096           5              False             1.000
               boosting minus linear     0.086     0.062      0.110     0.064      0.107           5              False             1.000
             no decoder minus hybrid     0.008    -0.002      0.019    -0.001      0.017           3               True             0.930
               spatiotemporal hybrid     0.156     0.116      0.190     0.123      0.185           3                NaN               NaN
             spatiotemporal boosting     0.121     0.074      0.168     0.082      0.162           3                NaN               NaN
               spatiotemporal linear     0.140     0.098      0.179     0.106      0.172           3                NaN               NaN
spatiotemporal hybrid minus boosting     0.035    -0.003      0.077     0.002      0.071           3              False             0.962
  spatiotemporal hybrid minus linear     0.016    -0.020      0.051    -0.015      0.047           3              False             0.799

wrote /Volumes/SSD Rx/Research/Others/Seminar/article/results/tables/robustness.csv
