spatial: 16,200 observations, 79 blocks
  hybrid, full                   276s
  hybrid, no recurrent decoder   220s
  gradient boosting, no previous value     skill +0.265
  gradient boosting, with previous value   skill +0.272
  hybrid, full                             skill +0.272
  hybrid, no recurrent decoder             skill +0.277
  hybrid, series replaced by zeros         skill +0.244
temporal: train 8,100, test 8,100
  gradient boosting, no previous value     skill +0.152
  gradient boosting, with previous value   skill +0.160
  hybrid, full                             skill +0.178

  scheme                                                  quantity  estimate  ci_low  ci_high  share_above_zero
 spatial                      gradient boosting, no previous value     0.265   0.241    0.287               NaN
 spatial                    gradient boosting, with previous value     0.272   0.249    0.294               NaN
 spatial                                              hybrid, full     0.272   0.247    0.296               NaN
 spatial                              hybrid, no recurrent decoder     0.277   0.254    0.298               NaN
 spatial                          hybrid, series replaced by zeros     0.244   0.218    0.269               NaN
 spatial   hybrid, full minus gradient boosting, no previous value     0.007  -0.003    0.017             0.918
 spatial hybrid, full minus gradient boosting, with previous value     0.001  -0.009    0.009             0.543
 spatial           hybrid, no recurrent decoder minus hybrid, full     0.004  -0.004    0.012             0.857
 spatial       hybrid, full minus hybrid, series replaced by zeros     0.028   0.019    0.037             1.000
temporal                      gradient boosting, no previous value     0.152   0.122    0.182               NaN
temporal                    gradient boosting, with previous value     0.160   0.129    0.191               NaN
temporal                                              hybrid, full     0.178   0.152    0.201               NaN
temporal   hybrid, full minus gradient boosting, no previous value     0.026   0.007    0.041             0.997
temporal hybrid, full minus gradient boosting, with previous value     0.018  -0.001    0.033             0.972

wrote /Volumes/SSD Rx/Research/Others/Seminar/article/results/tables/bootstrap_comparison.csv
