spatial: 16,462 observations, 92 blocks
  hybrid, full                   264s
  hybrid, no recurrent decoder   237s
  gradient boosting, no previous value     skill +0.250
  gradient boosting, with previous value   skill +0.259
  hybrid, full                             skill +0.241
  hybrid, no recurrent decoder             skill +0.255
  hybrid, series replaced by zeros         skill +0.223
temporal: train 8,266, test 8,196
    search mineral temporal fold 0: best {'hidden': 64, 'rnn_hidden': 128, 'lr': 0.003, 'dropout': 0.2, 'skill': 0.29773801704504843} (172s)
  gradient boosting, no previous value     skill +0.133
  gradient boosting, with previous value   skill +0.135
  hybrid, full                             skill +0.177

  scheme                                                  quantity  estimate  ci_low  ci_high  share_above_zero
 spatial                      gradient boosting, no previous value     0.250   0.229    0.272               NaN
 spatial                    gradient boosting, with previous value     0.259   0.238    0.279               NaN
 spatial                                              hybrid, full     0.241   0.221    0.263               NaN
 spatial                              hybrid, no recurrent decoder     0.255   0.235    0.274               NaN
 spatial                          hybrid, series replaced by zeros     0.223   0.202    0.245               NaN
 spatial   hybrid, full minus gradient boosting, no previous value    -0.009  -0.024    0.007             0.131
 spatial hybrid, full minus gradient boosting, with previous value    -0.017  -0.032   -0.003             0.008
 spatial           hybrid, no recurrent decoder minus hybrid, full     0.013   0.007    0.020             1.000
 spatial       hybrid, full minus hybrid, series replaced by zeros     0.018   0.009    0.027             1.000
temporal                      gradient boosting, no previous value     0.133   0.102    0.166               NaN
temporal                    gradient boosting, with previous value     0.135   0.101    0.169               NaN
temporal                                              hybrid, full     0.177   0.146    0.206               NaN
temporal   hybrid, full minus gradient boosting, no previous value     0.044   0.017    0.068             0.999
temporal hybrid, full minus gradient boosting, with previous value     0.042   0.016    0.065             0.999

wrote results/tables/bootstrap_comparison.csv
