16,462 observations, 92 blocks
replicate 0: hybrid 0.241, boosting 0.259, linear 0.170, no decoder 0.255, st hybrid 0.157, st boosting 0.117, st linear 0.140  (644s)
replicate 1: hybrid 0.227, boosting 0.233, linear 0.163, no decoder 0.230, st hybrid 0.180, st boosting 0.137, st linear 0.141  (757s)
replicate 2: hybrid 0.241, boosting 0.258, linear 0.169, no decoder 0.252, st hybrid 0.172, st boosting 0.109, st linear 0.138  (681s)
replicate 3: hybrid 0.245, boosting 0.262, linear 0.170  (292s)
    search mineral replicate 4 fold 0: best {'hidden': 64, 'rnn_hidden': 128, 'lr': 0.001, 'dropout': 0.2, 'skill': 0.26798090233136374} (239s)
    search mineral replicate 4 fold 1: best {'hidden': 32, 'rnn_hidden': 32, 'lr': 0.001, 'dropout': 0.2, 'skill': 0.25649849159424454} (210s)
    search mineral replicate 4 fold 2: best {'hidden': 32, 'rnn_hidden': 32, 'lr': 0.003, 'dropout': 0.2, 'skill': 0.28428177202476634} (234s)
    search mineral replicate 4 fold 3: best {'hidden': 64, 'rnn_hidden': 128, 'lr': 0.003, 'dropout': 0.2, 'skill': 0.2654080207733821} (207s)
replicate 4: hybrid 0.247, boosting 0.260, linear 0.171  (1202s)

                            quantity  estimate  ci95_low  ci95_high  ci90_low  ci90_high  replicates equivalent_at_0.02  share_above_zero
                              hybrid     0.241     0.216      0.262     0.221      0.259           5                NaN               NaN
                            boosting     0.254     0.224      0.279     0.229      0.277           5                NaN               NaN
                              linear     0.169     0.145      0.191     0.150      0.187           5                NaN               NaN
               hybrid minus boosting    -0.014    -0.031      0.003    -0.028      0.001           5              False             0.060
                 hybrid minus linear     0.072     0.053      0.089     0.056      0.087           5              False             1.000
               boosting minus linear     0.086     0.062      0.110     0.064      0.107           5              False             1.000
             no decoder minus hybrid     0.009    -0.003      0.019    -0.002      0.018           3               True             0.907
               spatiotemporal hybrid     0.170     0.131      0.209     0.138      0.202           3                NaN               NaN
             spatiotemporal boosting     0.121     0.074      0.168     0.082      0.162           3                NaN               NaN
               spatiotemporal linear     0.140     0.098      0.179     0.106      0.172           3                NaN               NaN
spatiotemporal hybrid minus boosting     0.049     0.017      0.082     0.021      0.077           3              False             1.000
  spatiotemporal hybrid minus linear     0.030    -0.006      0.061    -0.000      0.057           3              False             0.948

wrote results/tables/robustness.csv
